{"expressions":["heap_free(SObjStruct*, void*)"]}
