{"expressions":["token_obj_unseal(SKeyStruct*, SObjStruct*)"]}
